Aufzug                                                                                                                  PAGE 1
                         1     ; Aufzugsteuerung mit 3 Stockwerken
                         2     ;
                         3     ; Portbelegung:
                         4     ; P0.0  Knöpfe  Außen   0
                         5     ;    1                                  1
                         6     ;    2                                  2
                         7     ;    3                  Innen   0
                         8     ;    4                                  1
                         9     ;    5                                  2
                        10     ;    6
                        11     ;    7                  Tür zu
                        12     ;
                        13     ; P1.0  Motor   Tür             Auf
                        14     ;    1                                  Zu
                        15     ;    2                  Aufzug  Hoch
                        16     ;    3                                  Runter
                        17     ;    4  Licht   Knöpfe  0
                        18     ;    5                                  1
                        19     ;    6                                  2
                        20     ;    7  Gong
                        21     ;
                        22     ; P2.0  Sensor  Tür             Auf
                        23     ;    1                                  Zu
                        24     ;    2                  Druck
                        25     ;    3                  Lichtschranke
                        26     ;    4                  Stock   0
                        27     ;    5                                  1
                        28     ;    6                                  2
                        29     ;    7          -----
                        30     ;
                        31     ; P3    Display
                        32     ;
                        33     ; EX0   Notruf
                        34     ;
                        35     ; R0    Button 0 has been pressed
                        36     ; R1    Button 1 has been pressed
                        37     ; R2    Button 2 has been pressed
                        38     ; R7    Direction the Elevator is headding. R7 = 0 -> up, R7 = 1 -> down
                        39     CSEG AT 00H
0000 020100             40     LJMP init_interrupts
                        41
                        42     ; Interrupt Address for ExternalInterrupt0 -> Emergency Button
                        43     ORG 03h
0003 120127             44     LCALL ext0
0006 32                 45     RETI
                        46
                        47
                        48     ; Interrupt Address for Timer0
                        49     ; This Interrupt checks every 5ms if the Sensors are triggered
                        50     ORG 0bh
000B 12012B             51     LCALL timer0_ISR
000E 32                 52     RETI
                        53
                        54
                        55     ; Interrupt Address for Timer1
                        56     ; This Interrupt checks every 10ms if a Button has been pressed
                        57     ORG 01bh
001B 120178             58     LCALL timer1_ISR
001E 32                 59     RETI
                        60
                        61     CSEG AT 0100H
                        62     ;initialize interrupts
                        63     init_interrupts:
0100 758911             64     MOV TMOD, #00010001b
                        65     ;Timer1: Gate1=0, C/T1 = 0, Mode1 = 01 ; Timer0: Gate0=0, C/T0 = 0, Mode0 = 01
0103 758850             66     MOV TCON, #01010000b
                        67     ; Timer1: TF1=0, TR1(enables Timer1)=1; Timer0: TF0=0, TR0(enables Timer0)=1
                        68
                        69     ; EA(global Interrupt Enabled) = 1, X = dont care, X = dont care, ES(enables serial interrupt)=0,
                        70     ; ET1(enables timer interrupt1)=1, EX1(enables External Interrupt1)=0,ET0(enables timer interrupt0)=0
                        71     ; Enable Timer0 Interrupts just if it is needed
0106 75A889             72     MOV IE, #10001001b
                        73     ; interrupt Priority is correct
0109 758AF9             74     MOV TL0, #0F9h ; 249 in Low von Timer0
010C 758C09             75     MOV TH0, #09h ; 9 in High von Timer0
010F 758BF9             76     MOV TL1, #0F9h ; 249 in Low von Timer1
0112 758D03             77     MOV TH1, #03h ; 19 in High von Timer1
                        78
                        79
                        80     ;initializes the parameters
                        81     init:
0115 759000             82     MOV P1, #00h ; turn off Engines -> Engines are low active
0118 75B0FF             83     MOV P3, #0ffh ; MOV P3, #0ffh ;turn off Display -> Display is low active
                        84
011B 7800               85     MOV R0, #00h ; R0 = 1, if Button for First Floor has been pressed
011D 7900               86     MOV R1, #00h ; R1 = 1, if Button for Second Floor has been pressed
011F 7A00               87     MOV R2, #00h ; R2 = 1, if Button for Third Floor has been pressed
                        88
0121 120197             89     LCALL initialCheckFloor
0124 020228             90     JMP goingDown
                        91
                        92
                        93
                        94     ; do something usefull
                        95     ext0:
0127 8586B0             96     MOV P3, 10000110b ;Activate LED´s for Error
012A 22                 97     RET
                        98
                        99
                       100     ; Check sensors, if sensors are triggered Or OpenDoor or SameFloor Buttons are pressed,open the doors
                       101     timer0_ISR:
012B E5B0              102     MOV A, P3
012D 540C              103     ANL A, #00001100b ; If P3.2 or P3.3 is triggered, then Accu != 0
012F 600A              104     JZ checkDoorButtons ; And if Accu = 0, countinue
0131 C290              105     CLR P1.0
0133 D291              106     SETB P1.1 ; stop doors from closing, open doors
0135 E5A0              107     MOV A, P2
0137 5401              108     ANL A, #00000001b
0139 60F0              109     JZ timer0_ISR ; when doors are not closed, wait till they are
                       110     ; If sensors are not triggered, check if a button from floor the elevator is in, is pressed
                       111     checkDoorButtons:
013B 20A406            112     JB P2.4, checkFirstFloorDoors
013E 20A512            113     JB P2.5, checkSecondFloorDoors
0141 20A61E            114     JB P2.6, checkThirdFloorDoors
                       115     ; Elevator has to be in one Floor
                       116     checkFirstFloorDoors:
0144 E580              117     MOV A, P0
0146 5409              118     ANL A, #00001001b
0148 6027              119     JZ initTimer0
                       120     closeDoorsFirstFloor:
014A E5A0              121     MOV A, P2
014C 5401              122     ANL A, #00000001b
014E 60FA              123     JZ closeDoorsFirstFloor ; when doors are not closed, wait till they are
0150 020171            124     JMP initTimer0
                       125     checkSecondFloorDoors:
0153 E580              126     MOV A, P0
0155 5412              127     ANL A, #00010010b
0157 6018              128     JZ initTimer0
                       129     closeDoorsSecondFloor:
0159 E5A0              130     MOV A, P2
015B 5401              131     ANL A, #00000001b
015D 60FA              132     JZ closeDoorsSecondFloor ; when doors are not closed, wait till they are
015F 020171            133     JMP initTimer0
                       134     checkThirdFloorDoors:
0162 E580              135     MOV A, P0
0164 5424              136     ANL A, #00100100b
0166 6009              137     JZ initTimer0
                       138     closeDoorsThirdFloor:
0168 E5A0              139     MOV A, P2
016A 5401              140     ANL A, #00000001b
016C 60FA              141     JZ closeDoorsThirdFloor ; when doors are not closed, wait till they are
016E 020171            142     JMP initTimer0
                       143     ; in the end, Timer 0 has to be reinitialized
                       144     initTimer0:
0171 758AF9            145     MOV TL0, #0F9h ; 249 in Low von Timer0
0174 758C09            146     MOV TH0, #09h ; 9 in High von Timer0
0177 22                147     RET
                       148
                       149
                       150     ;check if button is pressed
                       151     timer1_ISR:
0178 E580              152     MOV A, P0
017A 5409              153     ANL A, #00001001b ; If P0.0 or P0.3 is pressed, then Accu != 0
017C 6002              154     JZ checkSecondFloorButton ; And if Accu = 0, then check other floor
017E 7801              155     MOV R0, #01h
                       156     checkSecondFloorButton:
0180 E580              157     MOV A, P0
0182 5412              158     ANL A, #00010010b ; If P0.1 or P0.4 is pressed, then Accu != 0
0184 6002              159     JZ checkThirdFloorButton ; And if Accu = 0, then check other floor
0186 7901              160     MOV R1, #01h
                       161     checkThirdFloorButton:
0188 E580              162     MOV A, P0
018A 5424              163     ANL A, #00100100b ; If P0.2 or P0.5 is pressed, then Accu != 0
018C 6002              164     JZ initTimer1 ; And if Accu = 0, then check other floor
018E 7A01              165     MOV R2, #01h
                       166     initTimer1:
                       167     ; in the end, Timer 1 has to be reinitialized
0190 758BF9            168     MOV TL1, #0F9h ; 249 in Low von Timer1
0193 758D13            169     MOV TH1, #013h ; 19 in High von Timer1
0196 22                170     RET
                       171
                       172
                       173     ;check in which floor the elevator is
                       174     initialCheckFloor:
0197 20A515            175     JB P2.5, endInit
019A 20A612            176     JB P2.6, endInit
019D 20A70F            177     JB P2.7, endInit
                       178     ; when we don’t know in which floor the elevator is, we wait for a button to be pressed
                       179     ; when a button is pressed we close the door and drive to the firstFloor
                       180     waitForButton:
                       181     ; check if a button is pressed
01A0 E580              182     MOV A, P0
01A2 543F              183     ANL A, #00111111b
01A4 60FA              184     JZ waitForButton ;jumps if Accu equals 0
                       185
                       186     ; dont check if closed or so, just to it
01A6 120211            187     LCALL closeDoors
01A9 1201BA            188     LCALL driveDown
01AC 1201B0            189     LCALL openDoors
                       190     endInit:
01AF 22                191     RET
                       192
                       193
                       194     ;openDoor Routine
                       195     openDoors:
01B0 C291              196     CLR P1.1
01B2 D290              197     SETB P1.0
01B4 30A0F9            198     JNB P2.0, openDoors
01B7 C290              199     CLR P1.0
01B9 22                200     RET
                       201
                       202
                       203     ;drive Down, till in first Floor
                       204     driveDown:
01BA D293              205     SETB P1.3
01BC 30A4FB            206     JNB P2.4, driveDown
01BF C293              207     CLR P1.3
01C1 22                208     RET
                       209
                       210
                       211     floorLogic:
                       212     ; implement floorLogic
01C2 31B0              213     CALL openDoors
                       214     ; here could be a timer
01C4 120211            215     CALL closeDoors
                       216     ; Check if we are on top or at the bottom. If we are at the button, first try getting up.
01C7 B80069            217     CJNE R0, #00h, goingUp
01CA BA005B            218     CJNE R2, #00h, goingDown
01CD BF0058            219     CJNE R7, #00h, goingDown
01D0 020233            220     JMP goingUp
                       221
                       222
                       223     ; Routine to Travel to FirstFloor
                       224     goToFirstFloor:
01D3 C292              225     CLR P1.2
01D5 D293              226     SETB P1.3
01D7 30A4F9            227     JNB P2.4, goToFirstFloor
01DA C293              228     CLR P1.3
01DC 12023D            229     LCALL showFirstFloor
01DF 80E1              230     JMP floorLogic
                       231
                       232     ; Routine to Travel to SecondFloor
                       233     goToSecondFloor:
01E1 208403            234     JB P0.4, firstFloorToSecondFloor
01E4 20A60E            235     JB P2.6, thirdFloorToSecondFloor
                       236     ; Elevator has to be in one Floor
                       237     firstFloorToSecondFloor:
01E7 C293              238     CLR P1.3
01E9 D292              239     SETB P1.2
01EB 30A5E5            240     JNB P2.5, goToFirstFloor
01EE C292              241     CLR P1.2
01F0 120241            242     LCALL showSecondFloor
01F3 80CD              243     JMP floorLogic
                       244     thirdFloorToSecondFloor:
01F5 C292              245     CLR P1.2
01F7 D293              246     SETB P1.3
01F9 30A5D7            247     JNB P2.5, goToFirstFloor
01FC C293              248     CLR P1.3
01FE 120241            249     LCALL showSecondFloor
0201 80BF              250     JMP floorLogic
                       251
                       252
                       253     ; Routine to Travel to ThirdFloor
                       254     goToThirdFloor:
0203 C293              255     CLR P1.3
0205 D292              256     SETB P1.2
0207 30A6C9            257     JNB P2.6, goToFirstFloor
020A C292              258     CLR P1.2
020C 120245            259     LCALL showThirdFloor
020F 80B1              260     JMP floorLogic
                       261
                       262
                       263     ; Routine to Close the Doors
                       264     closeDoors:
0211 20A10D            265     JB P2.1, dooresClosed
0214 E5A8              266     MOV A, IE
0216 4402              267     ORL A, #00000010b
0218 F5A8              268     MOV IE, A ; Activate interrupt to Check DoorSensors
021A C290              269     CLR P1.0
021C D291              270     SETB P1.1
021E 30A1F0            271     JNB P2.1, closeDoors ; If Doores Are Closed STOP InterruptTimer and Return
                       272     dooresClosed:
0221 E5A8              273     MOV A, IE
0223 54FD              274     ANL A, #11111101b
0225 F5A8              275     MOV IE, A ; Activate interrupt to Check DoorSensors
0227 22                276     RET
                       277
                       278
                       279     goingDown:
0228 7F01              280     MOV R7, #01h
022A E9                281     MOV A,R1
022B 70B4              282     JNZ goToSecondFloor
022D E8                283     MOV A, R0
022E 70A3              284     JNZ goToFirstFloor
                       285     ; if no button is pressed, check if button is pressed to drive up
0230 020233            286     JMP goingUP
                       287
                       288
                       289     goingUp:
0233 7F00              290     MOV R7, #00h
0235 E9                291     MOV A,R1
0236 70A9              292     JNZ goToSecondFloor
0238 EA                293     MOV A, R2
0239 70C8              294     JNZ goToThirdFloor
                       295     ; if no button is pressed, check if button is pressed to drive down
023B 80EB              296     JMP goingDown
                       297
                       298
                       299     showFirstFloor:
023D 75B0F9            300     MOV P3, #11111001b ;Activate LED´s for first Floor
0240 22                301     RET
                       302
                       303
                       304     showSecondFloor:
0241 75B0A4            305     MOV P3, #10100100b ;Activate LED´s for second Floor
0244 22                306     RET
                       307
                       308
                       309     showThirdFloor:
0245 75B0B0            310     MOV P3, #10110000b ;Activate LED´s for third Floor
0248 22                311     RET
                       312
                       313
                       314     END
ASSEMBLY COMPLETE, NO ERRORS FOUND, NO WARNINGS


SYMBOL TABLE:
??MCU_8051_IDE . . . . . . . . . . .  N  NUMB  8051H  NOT USED
??VERSION. . . . . . . . . . . . . .  N  NUMB  0149H  NOT USED
AC . . . . . . . . . . . . . . . . .  B  ADDR  00D6H  NOT USED
ACC. . . . . . . . . . . . . . . . .  D  ADDR  00E0H  NOT USED
ACSR . . . . . . . . . . . . . . . .  D  ADDR  0097H  NOT USED
ADCF . . . . . . . . . . . . . . . .  D  ADDR  00F6H  NOT USED
ADCLK. . . . . . . . . . . . . . . .  D  ADDR  00F2H  NOT USED
ADCON. . . . . . . . . . . . . . . .  D  ADDR  00F3H  NOT USED
ADDH . . . . . . . . . . . . . . . .  D  ADDR  00F5H  NOT USED
ADDL . . . . . . . . . . . . . . . .  D  ADDR  00F4H  NOT USED
AUXR . . . . . . . . . . . . . . . .  D  ADDR  008EH  NOT USED
AUXR1. . . . . . . . . . . . . . . .  D  ADDR  00A2H  NOT USED
B. . . . . . . . . . . . . . . . . .  D  ADDR  00F0H  NOT USED
BDRCON . . . . . . . . . . . . . . .  D  ADDR  009BH  NOT USED
BDRCON_1 . . . . . . . . . . . . . .  D  ADDR  009CH  NOT USED
BRL. . . . . . . . . . . . . . . . .  D  ADDR  009AH  NOT USED
CCAP0H . . . . . . . . . . . . . . .  D  ADDR  00FAH  NOT USED
CCAP0L . . . . . . . . . . . . . . .  D  ADDR  00EAH  NOT USED
CCAP1H . . . . . . . . . . . . . . .  D  ADDR  00FBH  NOT USED
CCAP1L . . . . . . . . . . . . . . .  D  ADDR  00EBH  NOT USED
CCAP2H . . . . . . . . . . . . . . .  D  ADDR  00FCH  NOT USED
CCAP3H . . . . . . . . . . . . . . .  D  ADDR  00FDH  NOT USED
CCAP4H . . . . . . . . . . . . . . .  D  ADDR  00FEH  NOT USED
CCAPL2H. . . . . . . . . . . . . . .  D  ADDR  00FCH  NOT USED
CCAPL2L. . . . . . . . . . . . . . .  D  ADDR  00ECH  NOT USED
CCAPL3H. . . . . . . . . . . . . . .  D  ADDR  00FDH  NOT USED
CCAPL3L. . . . . . . . . . . . . . .  D  ADDR  00EDH  NOT USED
CCAPL4H. . . . . . . . . . . . . . .  D  ADDR  00FEH  NOT USED
CCAPL4L. . . . . . . . . . . . . . .  D  ADDR  00EEH  NOT USED
CCAPM0 . . . . . . . . . . . . . . .  D  ADDR  00DAH  NOT USED
CCAPM1 . . . . . . . . . . . . . . .  D  ADDR  00DBH  NOT USED
CCAPM2 . . . . . . . . . . . . . . .  D  ADDR  00DCH  NOT USED
CCAPM3 . . . . . . . . . . . . . . .  D  ADDR  00DDH  NOT USED
CCAPM4 . . . . . . . . . . . . . . .  D  ADDR  00DEH  NOT USED
CCF0 . . . . . . . . . . . . . . . .  B  ADDR  00D8H  NOT USED
CCF1 . . . . . . . . . . . . . . . .  B  ADDR  00D9H  NOT USED
CCF2 . . . . . . . . . . . . . . . .  B  ADDR  00DAH  NOT USED
CCF3 . . . . . . . . . . . . . . . .  B  ADDR  00DBH  NOT USED
CCF4 . . . . . . . . . . . . . . . .  B  ADDR  00DCH  NOT USED
CCON . . . . . . . . . . . . . . . .  D  ADDR  00D8H  NOT USED
CFINT. . . . . . . . . . . . . . . .  C  ADDR  0033H  NOT USED
CH . . . . . . . . . . . . . . . . .  D  ADDR  00F9H  NOT USED
CHECKDOORBUTTONS . . . . . . . . . .  C  ADDR  013BH
CHECKFIRSTFLOORDOORS . . . . . . . .  C  ADDR  0144H
CHECKSECONDFLOORBUTTON . . . . . . .  C  ADDR  0180H
CHECKSECONDFLOORDOORS. . . . . . . .  C  ADDR  0153H
CHECKTHIRDFLOORBUTTON. . . . . . . .  C  ADDR  0188H
CHECKTHIRDFLOORDOORS . . . . . . . .  C  ADDR  0162H
CKCON. . . . . . . . . . . . . . . .  D  ADDR  008FH  NOT USED
CKCON0 . . . . . . . . . . . . . . .  D  ADDR  008FH  NOT USED
CKRL . . . . . . . . . . . . . . . .  D  ADDR  0097H  NOT USED
CKSEL. . . . . . . . . . . . . . . .  D  ADDR  0085H  NOT USED
CL . . . . . . . . . . . . . . . . .  D  ADDR  00E9H  NOT USED
CLKREG . . . . . . . . . . . . . . .  D  ADDR  008FH  NOT USED
CLOSEDOORS . . . . . . . . . . . . .  C  ADDR  0211H
CLOSEDOORSFIRSTFLOOR . . . . . . . .  C  ADDR  014AH
CLOSEDOORSSECONDFLOOR. . . . . . . .  C  ADDR  0159H
CLOSEDOORSTHIRDFLOOR . . . . . . . .  C  ADDR  0168H
CMOD . . . . . . . . . . . . . . . .  D  ADDR  00D9H  NOT USED
CPRL2. . . . . . . . . . . . . . . .  B  ADDR  00C8H  NOT USED
CR . . . . . . . . . . . . . . . . .  B  ADDR  00DEH  NOT USED
CT2. . . . . . . . . . . . . . . . .  B  ADDR  00C9H  NOT USED
CY . . . . . . . . . . . . . . . . .  B  ADDR  00D7H  NOT USED
DOORESCLOSED . . . . . . . . . . . .  C  ADDR  0221H
DP0H . . . . . . . . . . . . . . . .  D  ADDR  0083H  NOT USED
DP0L . . . . . . . . . . . . . . . .  D  ADDR  0082H  NOT USED
DP1H . . . . . . . . . . . . . . . .  D  ADDR  0085H  NOT USED
DP1L . . . . . . . . . . . . . . . .  D  ADDR  0084H  NOT USED
DPH. . . . . . . . . . . . . . . . .  D  ADDR  0083H  NOT USED
DPL. . . . . . . . . . . . . . . . .  D  ADDR  0082H  NOT USED
DRIVEDOWN. . . . . . . . . . . . . .  C  ADDR  01BAH
EA . . . . . . . . . . . . . . . . .  B  ADDR  00AFH  NOT USED
EC . . . . . . . . . . . . . . . . .  B  ADDR  00AEH  NOT USED
EECON. . . . . . . . . . . . . . . .  D  ADDR  0096H  NOT USED
ENDINIT. . . . . . . . . . . . . . .  C  ADDR  01AFH
ES . . . . . . . . . . . . . . . . .  B  ADDR  00ACH  NOT USED
ET0. . . . . . . . . . . . . . . . .  B  ADDR  00A9H  NOT USED
ET1. . . . . . . . . . . . . . . . .  B  ADDR  00ABH  NOT USED
ET2. . . . . . . . . . . . . . . . .  B  ADDR  00ADH  NOT USED
EX0. . . . . . . . . . . . . . . . .  B  ADDR  00A8H  NOT USED
EX1. . . . . . . . . . . . . . . . .  B  ADDR  00AAH  NOT USED
EXEN2. . . . . . . . . . . . . . . .  B  ADDR  00CBH  NOT USED
EXF2 . . . . . . . . . . . . . . . .  B  ADDR  00CEH  NOT USED
EXT0 . . . . . . . . . . . . . . . .  C  ADDR  0127H
EXTI0. . . . . . . . . . . . . . . .  C  ADDR  0003H  NOT USED
EXTI1. . . . . . . . . . . . . . . .  C  ADDR  0013H  NOT USED
F0 . . . . . . . . . . . . . . . . .  B  ADDR  00D5H  NOT USED
FE . . . . . . . . . . . . . . . . .  B  ADDR  009FH  NOT USED
FIRSTFLOORTOSECONDFLOOR. . . . . . .  C  ADDR  01E7H
FLOORLOGIC . . . . . . . . . . . . .  C  ADDR  01C2H
GOINGDOWN. . . . . . . . . . . . . .  C  ADDR  0228H
GOINGUP. . . . . . . . . . . . . . .  C  ADDR  0233H
GOTOFIRSTFLOOR . . . . . . . . . . .  C  ADDR  01D3H
GOTOSECONDFLOOR. . . . . . . . . . .  C  ADDR  01E1H
GOTOTHIRDFLOOR . . . . . . . . . . .  C  ADDR  0203H
IE . . . . . . . . . . . . . . . . .  D  ADDR  00A8H
IE0. . . . . . . . . . . . . . . . .  B  ADDR  0089H  NOT USED
IE1. . . . . . . . . . . . . . . . .  B  ADDR  008BH  NOT USED
INIT . . . . . . . . . . . . . . . .  C  ADDR  0115H  NOT USED
INITIALCHECKFLOOR. . . . . . . . . .  C  ADDR  0197H
INITTIMER0 . . . . . . . . . . . . .  C  ADDR  0171H
INITTIMER1 . . . . . . . . . . . . .  C  ADDR  0190H
INIT_INTERRUPTS. . . . . . . . . . .  C  ADDR  0100H
INT0 . . . . . . . . . . . . . . . .  B  ADDR  00B2H  NOT USED
INT1 . . . . . . . . . . . . . . . .  B  ADDR  00B3H  NOT USED
IP . . . . . . . . . . . . . . . . .  D  ADDR  00B8H  NOT USED
IPH. . . . . . . . . . . . . . . . .  D  ADDR  00B7H  NOT USED
IPH0 . . . . . . . . . . . . . . . .  D  ADDR  00B7H  NOT USED
IPH1 . . . . . . . . . . . . . . . .  D  ADDR  00B3H  NOT USED
IPL0 . . . . . . . . . . . . . . . .  D  ADDR  00B8H  NOT USED
IPL1 . . . . . . . . . . . . . . . .  D  ADDR  00B2H  NOT USED
IT0. . . . . . . . . . . . . . . . .  B  ADDR  0088H  NOT USED
IT1. . . . . . . . . . . . . . . . .  B  ADDR  008AH  NOT USED
KBE. . . . . . . . . . . . . . . . .  D  ADDR  009DH  NOT USED
KBF. . . . . . . . . . . . . . . . .  D  ADDR  009EH  NOT USED
KBLS . . . . . . . . . . . . . . . .  D  ADDR  009CH  NOT USED
OPENDOORS. . . . . . . . . . . . . .  C  ADDR  01B0H
OSCCON . . . . . . . . . . . . . . .  D  ADDR  0086H  NOT USED
OV . . . . . . . . . . . . . . . . .  B  ADDR  00D2H  NOT USED
P. . . . . . . . . . . . . . . . . .  B  ADDR  00D0H  NOT USED
P0 . . . . . . . . . . . . . . . . .  D  ADDR  0080H
P1 . . . . . . . . . . . . . . . . .  D  ADDR  0090H
P1M1 . . . . . . . . . . . . . . . .  D  ADDR  00D4H  NOT USED
P1M2 . . . . . . . . . . . . . . . .  D  ADDR  00E2H  NOT USED
P2 . . . . . . . . . . . . . . . . .  D  ADDR  00A0H
P3 . . . . . . . . . . . . . . . . .  D  ADDR  00B0H
P3M1 . . . . . . . . . . . . . . . .  D  ADDR  00D5H  NOT USED
P3M2 . . . . . . . . . . . . . . . .  D  ADDR  00E3H  NOT USED
P4 . . . . . . . . . . . . . . . . .  D  ADDR  00C0H  NOT USED
P4M1 . . . . . . . . . . . . . . . .  D  ADDR  00D6H  NOT USED
P4M2 . . . . . . . . . . . . . . . .  D  ADDR  00E4H  NOT USED
P5 . . . . . . . . . . . . . . . . .  D  ADDR  00E8H  NOT USED
PC . . . . . . . . . . . . . . . . .  B  ADDR  00BEH  NOT USED
PCON . . . . . . . . . . . . . . . .  D  ADDR  0087H  NOT USED
PPCL . . . . . . . . . . . . . . . .  B  ADDR  00BEH  NOT USED
PS . . . . . . . . . . . . . . . . .  B  ADDR  00BCH  NOT USED
PSL. . . . . . . . . . . . . . . . .  B  ADDR  00BCH  NOT USED
PSW. . . . . . . . . . . . . . . . .  D  ADDR  00D0H  NOT USED
PT0. . . . . . . . . . . . . . . . .  B  ADDR  00B9H  NOT USED
PT0L . . . . . . . . . . . . . . . .  B  ADDR  00B9H  NOT USED
PT1. . . . . . . . . . . . . . . . .  B  ADDR  00BBH  NOT USED
PT1L . . . . . . . . . . . . . . . .  B  ADDR  00BBH  NOT USED
PT2. . . . . . . . . . . . . . . . .  B  ADDR  00BDH  NOT USED
PT2L . . . . . . . . . . . . . . . .  B  ADDR  00BDH  NOT USED
PX0. . . . . . . . . . . . . . . . .  B  ADDR  00B8H  NOT USED
PX0L . . . . . . . . . . . . . . . .  B  ADDR  00B8H  NOT USED
PX1. . . . . . . . . . . . . . . . .  B  ADDR  00BAH  NOT USED
PX1L . . . . . . . . . . . . . . . .  B  ADDR  00BAH  NOT USED
RB8. . . . . . . . . . . . . . . . .  B  ADDR  009AH  NOT USED
RCAP2H . . . . . . . . . . . . . . .  D  ADDR  00CBH  NOT USED
RCAP2L . . . . . . . . . . . . . . .  D  ADDR  00CAH  NOT USED
RCLK . . . . . . . . . . . . . . . .  B  ADDR  00CDH  NOT USED
RD . . . . . . . . . . . . . . . . .  B  ADDR  00B7H  NOT USED
REN. . . . . . . . . . . . . . . . .  B  ADDR  009CH  NOT USED
RESET. . . . . . . . . . . . . . . .  C  ADDR  0000H  NOT USED
RI . . . . . . . . . . . . . . . . .  B  ADDR  0098H  NOT USED
RS0. . . . . . . . . . . . . . . . .  B  ADDR  00D3H  NOT USED
RS1. . . . . . . . . . . . . . . . .  B  ADDR  00D4H  NOT USED
RXD. . . . . . . . . . . . . . . . .  B  ADDR  00B0H  NOT USED
SADDR. . . . . . . . . . . . . . . .  D  ADDR  00A9H  NOT USED
SADDR_0. . . . . . . . . . . . . . .  D  ADDR  00A9H  NOT USED
SADDR_1. . . . . . . . . . . . . . .  D  ADDR  00AAH  NOT USED
SADEN. . . . . . . . . . . . . . . .  D  ADDR  00B9H  NOT USED
SADEN_0. . . . . . . . . . . . . . .  D  ADDR  00B9H  NOT USED
SADEN_1. . . . . . . . . . . . . . .  D  ADDR  00BAH  NOT USED
SBUF . . . . . . . . . . . . . . . .  D  ADDR  0099H  NOT USED
SCON . . . . . . . . . . . . . . . .  D  ADDR  0098H  NOT USED
SHOWFIRSTFLOOR . . . . . . . . . . .  C  ADDR  023DH
SHOWSECONDFLOOR. . . . . . . . . . .  C  ADDR  0241H
SHOWTHIRDFLOOR . . . . . . . . . . .  C  ADDR  0245H
SINT . . . . . . . . . . . . . . . .  C  ADDR  0023H  NOT USED
SM0. . . . . . . . . . . . . . . . .  B  ADDR  009FH  NOT USED
SM1. . . . . . . . . . . . . . . . .  B  ADDR  009EH  NOT USED
SM2. . . . . . . . . . . . . . . . .  B  ADDR  009DH  NOT USED
SP . . . . . . . . . . . . . . . . .  D  ADDR  0081H  NOT USED
SPCON. . . . . . . . . . . . . . . .  D  ADDR  00C3H  NOT USED
SPCR . . . . . . . . . . . . . . . .  D  ADDR  00D5H  NOT USED
SPDAT. . . . . . . . . . . . . . . .  D  ADDR  00C5H  NOT USED
SPDR . . . . . . . . . . . . . . . .  D  ADDR  0086H  NOT USED
SPSR . . . . . . . . . . . . . . . .  D  ADDR  00AAH  NOT USED
SPSTA. . . . . . . . . . . . . . . .  D  ADDR  00C4H  NOT USED
T0 . . . . . . . . . . . . . . . . .  B  ADDR  00B4H  NOT USED
T1 . . . . . . . . . . . . . . . . .  B  ADDR  00B5H  NOT USED
T2CON. . . . . . . . . . . . . . . .  D  ADDR  00C8H  NOT USED
T2MOD. . . . . . . . . . . . . . . .  D  ADDR  00C9H  NOT USED
TB8. . . . . . . . . . . . . . . . .  B  ADDR  009BH  NOT USED
TCLK . . . . . . . . . . . . . . . .  B  ADDR  00CCH  NOT USED
TCON . . . . . . . . . . . . . . . .  D  ADDR  0088H
TF0. . . . . . . . . . . . . . . . .  B  ADDR  008DH  NOT USED
TF1. . . . . . . . . . . . . . . . .  B  ADDR  008FH  NOT USED
TF2. . . . . . . . . . . . . . . . .  B  ADDR  00CFH  NOT USED
TH0. . . . . . . . . . . . . . . . .  D  ADDR  008CH
TH1. . . . . . . . . . . . . . . . .  D  ADDR  008DH
TH2. . . . . . . . . . . . . . . . .  D  ADDR  00CDH  NOT USED
THIRDFLOORTOSECONDFLOOR. . . . . . .  C  ADDR  01F5H
TI . . . . . . . . . . . . . . . . .  B  ADDR  0099H  NOT USED
TIMER0 . . . . . . . . . . . . . . .  C  ADDR  000BH  NOT USED
TIMER0_ISR . . . . . . . . . . . . .  C  ADDR  012BH
TIMER1 . . . . . . . . . . . . . . .  C  ADDR  001BH  NOT USED
TIMER1_ISR . . . . . . . . . . . . .  C  ADDR  0178H
TIMER2 . . . . . . . . . . . . . . .  C  ADDR  002BH  NOT USED
TL0. . . . . . . . . . . . . . . . .  D  ADDR  008AH
TL1. . . . . . . . . . . . . . . . .  D  ADDR  008BH
TL2. . . . . . . . . . . . . . . . .  D  ADDR  00CCH  NOT USED
TMOD . . . . . . . . . . . . . . . .  D  ADDR  0089H
TR0. . . . . . . . . . . . . . . . .  B  ADDR  008CH  NOT USED
TR1. . . . . . . . . . . . . . . . .  B  ADDR  008EH  NOT USED
TR2. . . . . . . . . . . . . . . . .  B  ADDR  00CAH  NOT USED
TXD. . . . . . . . . . . . . . . . .  B  ADDR  00B1H  NOT USED
WAITFORBUTTON. . . . . . . . . . . .  C  ADDR  01A0H
WDTCON . . . . . . . . . . . . . . .  D  ADDR  00A7H  NOT USED
WDTPRG . . . . . . . . . . . . . . .  D  ADDR  00A7H  NOT USED
WDTRST . . . . . . . . . . . . . . .  D  ADDR  00A6H  NOT USED
WR . . . . . . . . . . . . . . . . .  B  ADDR  00B6H  NOT USED